[2026-09-16T21:00:49Z] === ENRICH ITERATION 1 START | repo=micromatch/picomatch sha=e5474fc1 ===
[2026-09-16T21:00:49Z] [iter=1] PHASE START: enrich repo=micromatch/picomatch sha=e5474fc1 runlog=/home/runner/work/forx/forx/storage/aggregate/lsp/logs/e5474fc1-enrich-iter-001.log output=/home/runner/work/forx/forx/storage/aggregate/lsp/e5474fc1a4d7991870058170407dda8a42be5334.nq.gz
[2026-09-16T21:00:53Z] [iter=1] Step 1: Loading AST into disk-backed store mem_mb=79 MB
[2026-09-16T21:01:02Z] [iter=1] AST store loaded triples=1267942 load_secs=8 mem_mb=881 MB
[2026-09-16T21:01:02Z] [iter=1] Step 2: Finding LSP targets mem_mb=881 MB
[2026-09-16T21:01:04Z] [iter=1] LSP targets found call_sites=21889 imports=0 extends=0 implements=0 secs=2
[2026-09-16T21:01:04Z] [iter=1] Step 2.7: Building position index (one-shot, shared across resolvers) mem_mb=881 MB
[2026-09-16T21:01:10Z] [iter=1] Position index built positions=82202 nodes_with_types=106627 secs=6 mem_mb=881 MB
[2026-09-16T21:01:10Z] [iter=1] Step 3: Starting LSP resolution mem_mb=881 MB already_completed_types=[] already_completed_files=0
[2026-09-16T21:01:10Z] [iter=1] Resolving target type target_type=call_site count=21889
[2026-09-16T21:07:46Z] [iter=1] HEARTBEAT target_type=call_site elapsed_min=7.0 files_done=1 resolved=0 errors=704 current=test/extglobs.js
[2026-09-16T21:17:50Z] [iter=1] HEARTBEAT target_type=call_site elapsed_min=17.0 files_done=2 resolved=0 errors=1786 current=test/extglobs-bash.js
[2026-09-16T21:29:53Z] [iter=1] HEARTBEAT target_type=call_site elapsed_min=29.1 files_done=3 resolved=0 errors=3084 current=test/extglobs-temp.js
[2026-09-16T21:50:09Z] [iter=1] HEARTBEAT target_type=call_site elapsed_min=49.3 files_done=4 resolved=0 errors=5264 current=test/bash.spec.js
[2026-09-16T21:52:12Z] [iter=1] HEARTBEAT target_type=call_site elapsed_min=51.4 files_done=5 resolved=0 errors=5486 current=test/special-characters.js
[2026-09-16T22:01:02Z] [iter=1] HEARTBEAT target_type=call_site elapsed_min=60.2 files_done=6 resolved=0 errors=6438 current=test/slashes-posix.js
[2026-09-16T22:21:21Z] [iter=1] HEARTBEAT target_type=call_site elapsed_min=80.5 files_done=7 resolved=0 errors=8634 current=test/extglobs-minimatch.js
[2026-09-16T22:33:19Z] [iter=1] HEARTBEAT target_type=call_site elapsed_min=92.5 files_done=8 resolved=0 errors=9918 current=lib/parse.js
[2026-09-16T22:34:36Z] [iter=1] HEARTBEAT target_type=call_site elapsed_min=93.8 files_done=9 resolved=50 errors=10054 current=examples/scan.js
[2026-09-16T22:35:14Z] [iter=1] HEARTBEAT target_type=call_site elapsed_min=94.4 files_done=11 resolved=63 errors=10122 current=test/regex-features.js
[2026-09-16T22:38:52Z] [iter=1] HEARTBEAT target_type=call_site elapsed_min=98.0 files_done=12 resolved=63 errors=10512 current=index.js
[2026-09-16T22:50:46Z] [iter=1] HEARTBEAT target_type=call_site elapsed_min=110.0 files_done=14 resolved=64 errors=11803 current=test/dotfiles.js
[2026-09-16T22:55:06Z] [iter=1] HEARTBEAT target_type=call_site elapsed_min=114.3 files_done=15 resolved=64 errors=12269 current=test/braces.js
[2026-09-16T22:57:48Z] [iter=1] HEARTBEAT target_type=call_site elapsed_min=117.0 files_done=16 resolved=64 errors=12559 current=test/api.picomatch.js
[2026-09-16T23:02:09Z] [iter=1] HEARTBEAT target_type=call_site elapsed_min=121.3 files_done=17 resolved=64 errors=13031 current=test/qmarks.js
[2026-09-16T23:02:58Z] [iter=1] HEARTBEAT target_type=call_site elapsed_min=122.2 files_done=18 resolved=64 errors=13118 current=test/api.scan.js
[2026-09-16T23:05:52Z] [iter=1] HEARTBEAT target_type=call_site elapsed_min=125.1 files_done=19 resolved=64 errors=13431 current=test/issue-related.js
[2026-09-16T23:06:34Z] [iter=1] HEARTBEAT target_type=call_site elapsed_min=125.8 files_done=20 resolved=64 errors=13505 current=test/negation.js
[2026-09-16T23:10:46Z] [iter=1] HEARTBEAT target_type=call_site elapsed_min=130.0 files_done=21 resolved=64 errors=13959 current=test/slashes-windows.js
[2026-09-16T23:19:02Z] [iter=1] HEARTBEAT target_type=call_site elapsed_min=138.2 files_done=22 resolved=64 errors=14847 current=test/dots-invalid.js
[2026-09-16T23:37:42Z] [iter=1] HEARTBEAT target_type=call_site elapsed_min=156.9 files_done=23 resolved=64 errors=16865 current=test/posix-classes.js
[2026-09-16T23:41:24Z] [iter=1] HEARTBEAT target_type=call_site elapsed_min=160.6 files_done=24 resolved=64 errors=17267 current=test/options.onMatch.js
[2026-09-16T23:42:10Z] [iter=1] HEARTBEAT target_type=call_site elapsed_min=161.4 files_done=25 resolved=68 errors=17351 current=examples/extglob.js
[2026-09-16T23:43:10Z] [iter=1] HEARTBEAT target_type=call_site elapsed_min=162.4 files_done=28 resolved=87 errors=17458 current=test/stars.js
[2026-09-16T23:48:28Z] [iter=1] HEARTBEAT target_type=call_site elapsed_min=167.7 files_done=29 resolved=87 errors=18032 current=examples/match.js
[2026-09-16T23:49:16Z] [iter=1] HEARTBEAT target_type=call_site elapsed_min=168.5 files_done=31 resolved=90 errors=18119 current=examples/windows.js
[2026-09-16T23:50:21Z] [iter=1] HEARTBEAT target_type=call_site elapsed_min=169.5 files_done=34 resolved=117 errors=18234 current=lib/utils.js
[2026-09-16T23:51:02Z] [iter=1] HEARTBEAT target_type=call_site elapsed_min=170.2 files_done=39 resolved=144 errors=18308 current=test/options.noextglob.js
[2026-09-16T23:51:38Z] [iter=1] HEARTBEAT target_type=call_site elapsed_min=170.8 files_done=42 resolved=146 errors=18374 current=lib/picomatch.js
[2026-09-16T23:52:34Z] [iter=1] HEARTBEAT target_type=call_site elapsed_min=171.8 files_done=44 resolved=156 errors=18474 current=test/options.noglobstar.js
[2026-09-16T23:53:12Z] [iter=1] HEARTBEAT target_type=call_site elapsed_min=172.4 files_done=51 resolved=166 errors=18542 current=examples/regex-quantifier.js
[2026-09-16T23:53:21Z] [iter=1] Target type resolved target_type=call_site resolved=186 errors=18557 secs=10331 mem_mb=881 MB
[2026-09-16T23:53:25Z] [iter=1] Step 5: Writing final enrichment file triples=112734
[2026-09-16T23:53:28Z] [iter=1] Enrichment file written path=/home/runner/work/forx/forx/storage/aggregate/lsp/e5474fc1a4d7991870058170407dda8a42be5334.nq.gz size_kb=1804
[2026-09-16T23:53:28Z] [iter=1] PHASE END: enrich elapsed_s=10359 elapsed_min=172.6 total_triples=112734
